Erro: std::bad_alloc
